// Jest Snapshot v1, https://goo.gl/fbAQLP

exports[`UI element BaseElement 1`] = `
<div
  class="be-test"
  data-1="test-1"
  data-2="test-2"
  data-3=""
  id="be"
  style="top: 0px"
>
  <div />
</div>
`;

exports[`UI element Button 1`] = `
<button
  class="bu-test mdl-button mdl-js-button mdl-color--primary mdl-color-text--white"
  id="bu"
/>
`;

exports[`UI element FabButton 1`] = `
<button
  class="mdl-button mdl-js-button mdl-button--fab"
  id="fab"
/>
`;

exports[`UI element IconButton 1`] = `
<button
  class="mdl-button mdl-js-button mdl-button--icon"
  id="ib"
/>
`;

exports[`UI element MaterialIcon 1`] = `
<i
  class="material-icons"
  id="mi"
  style="font-size: 20px;"
>
  add
</i>
`;

exports[`UI element MiniFabButton 1`] = `null`;

exports[`UI element TextField 1`] = `
<div
  class="mdl-textfield mdl-js-textfield"
  id="tf"
>
  <input
    class="test-class mdl-textfield__input"
    id="itf"
    pattern="[A-Z]"
    type="text"
    value="value test"
  />
  <label
    class="mdl-textfield__label"
    for="itf"
  >
    text test
  </label>
  <span
    class="mdl-textfield__error"
  >
    error test
  </span>
</div>
`;

exports[`UI element Webview 1`] = `
<webview
  id="wb"
  src="https:\\\\\\\\www.test.com\\\\test"
/>
`;
